// Validating benchmarks:
// ***** BenchmarkRunner: Start   *****
// ***** Found 6 benchmark(s) in total *****
// ***** Building 1 exe(s) in Parallel: Start   *****
// ***** Done, took 00:00:00 (0.26 sec)   *****
// Found 6 benchmarks:
//   ParserAllocBenchmarks.CurrentStream_Check: DefaultJob
//   ParserAllocBenchmarks.CurrentStream_TakeThis: DefaultJob
//   ParserAllocBenchmarks.ReferenceClassify_Check: DefaultJob
//   ParserAllocBenchmarks.ReferenceClassify_TakeThis: DefaultJob
//   ParserAllocBenchmarks.ReferenceDispatch_Check: DefaultJob
//   ParserAllocBenchmarks.ReferenceDispatch_TakeThis: DefaultJob

Setup power plan (GUID: 8c5e7fda-e8bf-4a96-9a85-a6e23a8c635c FriendlyName: High performance)
// Generate Exception: System.NotSupportedException: Unable to find VectorNNTP.NNTPD.CommandParserAllocBench in C:\Users\chrisk\source\repos\Usenet.ninja\VectorNNTP and its subfolders. Most probably the name of output exe is different than the name of the .(c/f)sproj
   at BenchmarkDotNet.Toolchains.CsProj.CsProjGenerator.GetProjectFilePath(Type benchmarkTarget, ILogger logger)
   at BenchmarkDotNet.Toolchains.CsProj.CsProjGenerator.GenerateProject(BuildPartition buildPartition, ArtifactsPaths artifactsPaths, ILogger logger)
   at BenchmarkDotNet.Toolchains.GeneratorBase.GenerateProject(BuildPartition buildPartition, ILogger logger, String rootArtifactsFolderPath)

// BenchmarkDotNet has failed to build the auto-generated boilerplate code.
// It can be found in C:\Users\chrisk\source\repos\Usenet.ninja\VectorNNTP\.artifacts\command-parser-alloc-bench\bin\Release\net10.0\DefaultJob-1
// Please follow the troubleshooting guide: https://benchmarkdotnet.org/articles/guides/troubleshooting.html

// ** Remained 0 (0.0%) benchmark(s) to run. Estimated finish 2026-09-24 1:27 (0h 0m from now) **
Successfully reverted power plan (GUID: 8c5e7fda-e8bf-4a96-9a85-a6e23a8c635c FriendlyName: High performance)
// ***** BenchmarkRunner: Finish  *****

// * Export *
  BenchmarkDotNet.Artifacts\results\VectorNNTP.NNTPD.CommandParserAllocBench.ParserAllocBenchmarks-report.csv
  BenchmarkDotNet.Artifacts\results\VectorNNTP.NNTPD.CommandParserAllocBench.ParserAllocBenchmarks-report-github.md
  BenchmarkDotNet.Artifacts\results\VectorNNTP.NNTPD.CommandParserAllocBench.ParserAllocBenchmarks-report.html

// * Detailed results *
ParserAllocBenchmarks.CurrentStream_Check: DefaultJob
Runtime = ; GC = 
There are not any results runs

// * Summary *

BenchmarkDotNet v0.15.4, Windows 11 (10.0.26200.9457)
12th Gen Intel Core i9-12900KF 3.20GHz, 1 CPU, 24 logical and 16 physical cores
.NET SDK 10.0.401
  [Host] : .NET 10.0.12 (10.0.12, 10.0.1226.42308), X64 RyuJIT x86-64-v3

Error=NA  RatioSD=?  

| Method              | Mean | Ratio | Alloc Ratio |
|-------------------- |-----:|------:|------------:|
| CurrentStream_Check |   NA |     ? |           ? |

Benchmarks with issues:
  ParserAllocBenchmarks.CurrentStream_Check: DefaultJob

// * Warnings *
BaselineCustomAnalyzer
  Summary -> A question mark '?' symbol indicates that it was not possible to compute the (Ratio, RatioSD, Alloc Ratio) column(s) because the baseline or benchmark could not be found, or the baseline value is too close to zero.

// * Hints *
HideColumnsAnalyser
  Summary -> Hidden columns: Error, RatioSD

// * Legends *
  Mean        : Arithmetic mean of all measurements
  Ratio       : Mean of the ratio distribution ([Current]/[Baseline])
  Alloc Ratio : Allocated memory ratio distribution ([Current]/[Baseline])
  1 ns        : 1 Nanosecond (0.000000001 sec)

// * Diagnostic Output - MemoryDiagnoser *


// ***** BenchmarkRunner: End *****
Run time: 00:00:00 (0.19 sec), executed benchmarks: 0

Global total time: 00:00:00 (1 sec), executed benchmarks: 0
// * Artifacts cleanup *
Artifacts cleanup is finished
