// Validating benchmarks:
// ***** BenchmarkRunner: Start   *****
// ***** Found 6 benchmark(s) in total *****
// ***** Building 1 exe(s) in Parallel: Start   *****
// start dotnet  restore --nodeReuse:false /p:UseSharedCompilation=false /p:Deterministic=true /p:Optimize=true /p:ArtifactsPath="C:\Users\chrisk\source\repos\Usenet.ninja\VectorNNTP\.artifacts\command-parser-alloc-bench\bin\Release\net10.0\CommandParserAllocBench-DefaultJob-1/" /p:OutDir="C:\Users\chrisk\source\repos\Usenet.ninja\VectorNNTP\.artifacts\command-parser-alloc-bench\bin\Release\net10.0\CommandParserAllocBench-DefaultJob-1\bin\Release\net10.0/" /p:OutputPath="C:\Users\chrisk\source\repos\Usenet.ninja\VectorNNTP\.artifacts\command-parser-alloc-bench\bin\Release\net10.0\CommandParserAllocBench-DefaultJob-1\bin\Release\net10.0/" /p:PublishDir="C:\Users\chrisk\source\repos\Usenet.ninja\VectorNNTP\.artifacts\command-parser-alloc-bench\bin\Release\net10.0\CommandParserAllocBench-DefaultJob-1\publish/" in C:\Users\chrisk\source\repos\Usenet.ninja\VectorNNTP\.artifacts\command-parser-alloc-bench\bin\Release\net10.0\CommandParserAllocBench-DefaultJob-1
// command took 1 sec and exited with 0
// start dotnet  build -c Release --no-restore --nodeReuse:false /p:UseSharedCompilation=false /p:Deterministic=true /p:Optimize=true /p:ArtifactsPath="C:\Users\chrisk\source\repos\Usenet.ninja\VectorNNTP\.artifacts\command-parser-alloc-bench\bin\Release\net10.0\CommandParserAllocBench-DefaultJob-1/" /p:OutDir="C:\Users\chrisk\source\repos\Usenet.ninja\VectorNNTP\.artifacts\command-parser-alloc-bench\bin\Release\net10.0\CommandParserAllocBench-DefaultJob-1\bin\Release\net10.0/" /p:OutputPath="C:\Users\chrisk\source\repos\Usenet.ninja\VectorNNTP\.artifacts\command-parser-alloc-bench\bin\Release\net10.0\CommandParserAllocBench-DefaultJob-1\bin\Release\net10.0/" /p:PublishDir="C:\Users\chrisk\source\repos\Usenet.ninja\VectorNNTP\.artifacts\command-parser-alloc-bench\bin\Release\net10.0\CommandParserAllocBench-DefaultJob-1\publish/" --output "C:\Users\chrisk\source\repos\Usenet.ninja\VectorNNTP\.artifacts\command-parser-alloc-bench\bin\Release\net10.0\CommandParserAllocBench-DefaultJob-1\bin\Release\net10.0/" in C:\Users\chrisk\source\repos\Usenet.ninja\VectorNNTP\.artifacts\command-parser-alloc-bench\bin\Release\net10.0\CommandParserAllocBench-DefaultJob-1
// command took 6.27 sec and exited with 0
// ***** Done, took 00:00:07 (7.52 sec)   *****
// Found 6 benchmarks:
//   ParserAllocBenchmarks.CurrentStream_Check: DefaultJob
//   ParserAllocBenchmarks.CurrentStream_TakeThis: DefaultJob
//   ParserAllocBenchmarks.ReferenceClassify_Check: DefaultJob
//   ParserAllocBenchmarks.ReferenceClassify_TakeThis: DefaultJob
//   ParserAllocBenchmarks.ReferenceDispatch_Check: DefaultJob
//   ParserAllocBenchmarks.ReferenceDispatch_TakeThis: DefaultJob

Setup power plan (GUID: 8c5e7fda-e8bf-4a96-9a85-a6e23a8c635c FriendlyName: High performance)
// **************************
// Benchmark: ParserAllocBenchmarks.CurrentStream_Check: DefaultJob
// *** Execute ***
// Launch: 1 / 1
// Execute: dotnet CommandParserAllocBench-DefaultJob-1.dll --anonymousPipes 24516 24520 --benchmarkName VectorNNTP.NNTPD.CommandParserAllocBench.ParserAllocBenchmarks.CurrentStream_Check --job Default --benchmarkId 0 in C:\Users\chrisk\source\repos\Usenet.ninja\VectorNNTP\.artifacts\command-parser-alloc-bench\bin\Release\net10.0\CommandParserAllocBench-DefaultJob-1\bin\Release\net10.0
// BeforeAnythingElse

// Benchmark Process Environment Information:
// BenchmarkDotNet v0.15.4
// Runtime=.NET 10.0.12 (10.0.12, 10.0.1226.42308), X64 RyuJIT x86-64-v3
// GC=Concurrent Workstation
// HardwareIntrinsics=AVX2+BMI1+BMI2+F16C+FMA+LZCNT+MOVBE,AVX,SSE3+SSSE3+SSE4.1+SSE4.2+POPCNT,X86Base+SSE+SSE2,AES+PCLMUL,AvxVnni,SERIALIZE VectorSize=256
// Job: DefaultJob

OverheadJitting  1: 1 op, 145700.00 ns, 145.7000 us/op
WorkloadJitting  1: 1 op, 1166500.00 ns, 1.1665 ms/op

OverheadJitting  2: 16 op, 253800.00 ns, 15.8625 us/op
WorkloadJitting  2: 16 op, 274200.00 ns, 17.1375 us/op

WorkloadPilot    1: 16 op, 24200.00 ns, 1.5125 us/op
WorkloadPilot    2: 32 op, 27600.00 ns, 862.5000 ns/op
WorkloadPilot    3: 64 op, 41300.00 ns, 645.3125 ns/op
WorkloadPilot    4: 128 op, 71000.00 ns, 554.6875 ns/op
WorkloadPilot    5: 256 op, 135100.00 ns, 527.7344 ns/op
WorkloadPilot    6: 512 op, 264500.00 ns, 516.6016 ns/op
WorkloadPilot    7: 1024 op, 444300.00 ns, 433.8867 ns/op
WorkloadPilot    8: 2048 op, 938100.00 ns, 458.0566 ns/op
WorkloadPilot    9: 4096 op, 1933200.00 ns, 471.9727 ns/op
WorkloadPilot   10: 8192 op, 3772100.00 ns, 460.4614 ns/op
WorkloadPilot   11: 16384 op, 7707300.00 ns, 470.4163 ns/op
WorkloadPilot   12: 32768 op, 10447300.00 ns, 318.8263 ns/op
WorkloadPilot   13: 65536 op, 18479100.00 ns, 281.9687 ns/op
WorkloadPilot   14: 131072 op, 36232500.00 ns, 276.4320 ns/op
WorkloadPilot   15: 262144 op, 91514400.00 ns, 349.0997 ns/op
WorkloadPilot   16: 524288 op, 64770500.00 ns, 123.5399 ns/op
WorkloadPilot   17: 1048576 op, 136936800.00 ns, 130.5931 ns/op
WorkloadPilot   18: 2097152 op, 252409400.00 ns, 120.3582 ns/op
WorkloadPilot   19: 4194304 op, 507104900.00 ns, 120.9032 ns/op

OverheadWarmup   1: 4194304 op, 6490500.00 ns, 1.5475 ns/op
OverheadWarmup   2: 4194304 op, 6355600.00 ns, 1.5153 ns/op
OverheadWarmup   3: 4194304 op, 6687600.00 ns, 1.5944 ns/op
OverheadWarmup   4: 4194304 op, 6352900.00 ns, 1.5146 ns/op
OverheadWarmup   5: 4194304 op, 6473400.00 ns, 1.5434 ns/op
OverheadWarmup   6: 4194304 op, 6360500.00 ns, 1.5165 ns/op

OverheadActual   1: 4194304 op, 6503800.00 ns, 1.5506 ns/op
OverheadActual   2: 4194304 op, 6382100.00 ns, 1.5216 ns/op
OverheadActual   3: 4194304 op, 6381600.00 ns, 1.5215 ns/op
OverheadActual   4: 4194304 op, 6373000.00 ns, 1.5194 ns/op
OverheadActual   5: 4194304 op, 6371800.00 ns, 1.5192 ns/op
OverheadActual   6: 4194304 op, 6383600.00 ns, 1.5220 ns/op
OverheadActual   7: 4194304 op, 6399500.00 ns, 1.5258 ns/op
OverheadActual   8: 4194304 op, 6392000.00 ns, 1.5240 ns/op
OverheadActual   9: 4194304 op, 6397500.00 ns, 1.5253 ns/op
OverheadActual  10: 4194304 op, 6500900.00 ns, 1.5499 ns/op
OverheadActual  11: 4194304 op, 6469000.00 ns, 1.5423 ns/op
OverheadActual  12: 4194304 op, 6371700.00 ns, 1.5191 ns/op
OverheadActual  13: 4194304 op, 6404200.00 ns, 1.5269 ns/op
OverheadActual  14: 4194304 op, 6359800.00 ns, 1.5163 ns/op
OverheadActual  15: 4194304 op, 6404600.00 ns, 1.5270 ns/op

WorkloadWarmup   1: 4194304 op, 516404700.00 ns, 123.1205 ns/op
WorkloadWarmup   2: 4194304 op, 513245700.00 ns, 122.3673 ns/op
WorkloadWarmup   3: 4194304 op, 507556200.00 ns, 121.0108 ns/op
WorkloadWarmup   4: 4194304 op, 500477400.00 ns, 119.3231 ns/op
WorkloadWarmup   5: 4194304 op, 508880700.00 ns, 121.3266 ns/op
WorkloadWarmup   6: 4194304 op, 494700900.00 ns, 117.9459 ns/op
WorkloadWarmup   7: 4194304 op, 537840500.00 ns, 128.2312 ns/op
WorkloadWarmup   8: 4194304 op, 518535600.00 ns, 123.6285 ns/op

// BeforeActualRun
WorkloadActual   1: 4194304 op, 576437100.00 ns, 137.4333 ns/op
WorkloadActual   2: 4194304 op, 514366500.00 ns, 122.6345 ns/op
WorkloadActual   3: 4194304 op, 506964300.00 ns, 120.8697 ns/op
WorkloadActual   4: 4194304 op, 506310600.00 ns, 120.7139 ns/op
WorkloadActual   5: 4194304 op, 505205500.00 ns, 120.4504 ns/op
WorkloadActual   6: 4194304 op, 497483200.00 ns, 118.6092 ns/op
WorkloadActual   7: 4194304 op, 501173800.00 ns, 119.4891 ns/op
WorkloadActual   8: 4194304 op, 498532300.00 ns, 118.8594 ns/op
WorkloadActual   9: 4194304 op, 507946500.00 ns, 121.1039 ns/op
WorkloadActual  10: 4194304 op, 497535200.00 ns, 118.6216 ns/op
WorkloadActual  11: 4194304 op, 507544200.00 ns, 121.0080 ns/op
WorkloadActual  12: 4194304 op, 502980400.00 ns, 119.9199 ns/op
WorkloadActual  13: 4194304 op, 509527600.00 ns, 121.4808 ns/op
WorkloadActual  14: 4194304 op, 500272700.00 ns, 119.2743 ns/op
WorkloadActual  15: 4194304 op, 510736300.00 ns, 121.7690 ns/op

// AfterActualRun
WorkloadResult   1: 4194304 op, 507974500.00 ns, 121.1106 ns/op
WorkloadResult   2: 4194304 op, 500572300.00 ns, 119.3457 ns/op
WorkloadResult   3: 4194304 op, 499918600.00 ns, 119.1899 ns/op
WorkloadResult   4: 4194304 op, 498813500.00 ns, 118.9264 ns/op
WorkloadResult   5: 4194304 op, 491091200.00 ns, 117.0853 ns/op
WorkloadResult   6: 4194304 op, 494781800.00 ns, 117.9652 ns/op
WorkloadResult   7: 4194304 op, 492140300.00 ns, 117.3354 ns/op
WorkloadResult   8: 4194304 op, 501554500.00 ns, 119.5799 ns/op
WorkloadResult   9: 4194304 op, 491143200.00 ns, 117.0977 ns/op
WorkloadResult  10: 4194304 op, 501152200.00 ns, 119.4840 ns/op
WorkloadResult  11: 4194304 op, 496588400.00 ns, 118.3959 ns/op
WorkloadResult  12: 4194304 op, 503135600.00 ns, 119.9569 ns/op
WorkloadResult  13: 4194304 op, 493880700.00 ns, 117.7503 ns/op
WorkloadResult  14: 4194304 op, 504344300.00 ns, 120.2451 ns/op
// GC:  222 0 0 3489660928 4194304
// Threading:  0 0 4194304

// AfterAll
// Benchmark Process 7356 has exited with code 0.

Mean = 118.819 ns, StdErr = 0.334 ns (0.28%), N = 14, StdDev = 1.248 ns
Min = 117.085 ns, Q1 = 117.804 ns, Median = 119.058 ns, Q3 = 119.556 ns, Max = 121.111 ns
IQR = 1.752 ns, LowerFence = 115.176 ns, UpperFence = 122.184 ns
ConfidenceInterval = [117.411 ns; 120.227 ns] (CI 99.9%), Margin = 1.408 ns (1.18% of Mean)
Skewness = 0.07, Kurtosis = 1.72, MValue = 2

// ** Remained 5 (83.3%) benchmark(s) to run. Estimated finish 2026-09-24 1:29 (0h 1m from now) **
Setup power plan (GUID: 8c5e7fda-e8bf-4a96-9a85-a6e23a8c635c FriendlyName: High performance)
// **************************
// Benchmark: ParserAllocBenchmarks.CurrentStream_TakeThis: DefaultJob
// *** Execute ***
// Launch: 1 / 1
// Execute: dotnet CommandParserAllocBench-DefaultJob-1.dll --anonymousPipes 24516 24520 --benchmarkName VectorNNTP.NNTPD.CommandParserAllocBench.ParserAllocBenchmarks.CurrentStream_TakeThis --job Default --benchmarkId 1 in C:\Users\chrisk\source\repos\Usenet.ninja\VectorNNTP\.artifacts\command-parser-alloc-bench\bin\Release\net10.0\CommandParserAllocBench-DefaultJob-1\bin\Release\net10.0
// BeforeAnythingElse

// Benchmark Process Environment Information:
// BenchmarkDotNet v0.15.4
// Runtime=.NET 10.0.12 (10.0.12, 10.0.1226.42308), X64 RyuJIT x86-64-v3
// GC=Concurrent Workstation
// HardwareIntrinsics=AVX2+BMI1+BMI2+F16C+FMA+LZCNT+MOVBE,AVX,SSE3+SSSE3+SSE4.1+SSE4.2+POPCNT,X86Base+SSE+SSE2,AES+PCLMUL,AvxVnni,SERIALIZE VectorSize=256
// Job: DefaultJob

OverheadJitting  1: 1 op, 150200.00 ns, 150.2000 us/op
WorkloadJitting  1: 1 op, 1190000.00 ns, 1.1900 ms/op

OverheadJitting  2: 16 op, 248200.00 ns, 15.5125 us/op
WorkloadJitting  2: 16 op, 277200.00 ns, 17.3250 us/op

WorkloadPilot    1: 16 op, 19100.00 ns, 1.1938 us/op
WorkloadPilot    2: 32 op, 26900.00 ns, 840.6250 ns/op
WorkloadPilot    3: 64 op, 39700.00 ns, 620.3125 ns/op
WorkloadPilot    4: 128 op, 79400.00 ns, 620.3125 ns/op
WorkloadPilot    5: 256 op, 142200.00 ns, 555.4688 ns/op
WorkloadPilot    6: 512 op, 265200.00 ns, 517.9688 ns/op
WorkloadPilot    7: 1024 op, 449100.00 ns, 438.5742 ns/op
WorkloadPilot    8: 2048 op, 948400.00 ns, 463.0859 ns/op
WorkloadPilot    9: 4096 op, 2058700.00 ns, 502.6123 ns/op
WorkloadPilot   10: 8192 op, 4534600.00 ns, 553.5400 ns/op
WorkloadPilot   11: 16384 op, 7516500.00 ns, 458.7708 ns/op
WorkloadPilot   12: 32768 op, 10496400.00 ns, 320.3247 ns/op
WorkloadPilot   13: 65536 op, 18853400.00 ns, 287.6801 ns/op
WorkloadPilot   14: 131072 op, 35511800.00 ns, 270.9335 ns/op
WorkloadPilot   15: 262144 op, 88873900.00 ns, 339.0270 ns/op
WorkloadPilot   16: 524288 op, 62500600.00 ns, 119.2104 ns/op
WorkloadPilot   17: 1048576 op, 121495500.00 ns, 115.8671 ns/op
WorkloadPilot   18: 2097152 op, 257826000.00 ns, 122.9410 ns/op
WorkloadPilot   19: 4194304 op, 501290300.00 ns, 119.5169 ns/op

OverheadWarmup   1: 4194304 op, 6407800.00 ns, 1.5277 ns/op
OverheadWarmup   2: 4194304 op, 6443300.00 ns, 1.5362 ns/op
OverheadWarmup   3: 4194304 op, 6292200.00 ns, 1.5002 ns/op
OverheadWarmup   4: 4194304 op, 6328400.00 ns, 1.5088 ns/op
OverheadWarmup   5: 4194304 op, 6274700.00 ns, 1.4960 ns/op

OverheadActual   1: 4194304 op, 6321500.00 ns, 1.5072 ns/op
OverheadActual   2: 4194304 op, 6279600.00 ns, 1.4972 ns/op
OverheadActual   3: 4194304 op, 6338500.00 ns, 1.5112 ns/op
OverheadActual   4: 4194304 op, 6276700.00 ns, 1.4965 ns/op
OverheadActual   5: 4194304 op, 6325600.00 ns, 1.5081 ns/op
OverheadActual   6: 4194304 op, 6298000.00 ns, 1.5016 ns/op
OverheadActual   7: 4194304 op, 6273000.00 ns, 1.4956 ns/op
OverheadActual   8: 4194304 op, 6336800.00 ns, 1.5108 ns/op
OverheadActual   9: 4194304 op, 6394900.00 ns, 1.5247 ns/op
OverheadActual  10: 4194304 op, 6415200.00 ns, 1.5295 ns/op
OverheadActual  11: 4194304 op, 6310200.00 ns, 1.5045 ns/op
OverheadActual  12: 4194304 op, 6264800.00 ns, 1.4936 ns/op
OverheadActual  13: 4194304 op, 6255500.00 ns, 1.4914 ns/op
OverheadActual  14: 4194304 op, 6307400.00 ns, 1.5038 ns/op
OverheadActual  15: 4194304 op, 6257600.00 ns, 1.4919 ns/op

WorkloadWarmup   1: 4194304 op, 489493100.00 ns, 116.7042 ns/op
WorkloadWarmup   2: 4194304 op, 493411900.00 ns, 117.6386 ns/op
WorkloadWarmup   3: 4194304 op, 480761600.00 ns, 114.6225 ns/op
WorkloadWarmup   4: 4194304 op, 502683400.00 ns, 119.8491 ns/op
WorkloadWarmup   5: 4194304 op, 500338100.00 ns, 119.2899 ns/op
WorkloadWarmup   6: 4194304 op, 506349600.00 ns, 120.7232 ns/op

// BeforeActualRun
WorkloadActual   1: 4194304 op, 485644500.00 ns, 115.7867 ns/op
WorkloadActual   2: 4194304 op, 487429500.00 ns, 116.2122 ns/op
WorkloadActual   3: 4194304 op, 481021500.00 ns, 114.6845 ns/op
WorkloadActual   4: 4194304 op, 499065900.00 ns, 118.9866 ns/op
WorkloadActual   5: 4194304 op, 484023300.00 ns, 115.4001 ns/op
WorkloadActual   6: 4194304 op, 514360800.00 ns, 122.6332 ns/op
WorkloadActual   7: 4194304 op, 486309900.00 ns, 115.9453 ns/op
WorkloadActual   8: 4194304 op, 487958300.00 ns, 116.3383 ns/op
WorkloadActual   9: 4194304 op, 484286200.00 ns, 115.4628 ns/op
WorkloadActual  10: 4194304 op, 488934200.00 ns, 116.5710 ns/op
WorkloadActual  11: 4194304 op, 484209300.00 ns, 115.4445 ns/op
WorkloadActual  12: 4194304 op, 485793000.00 ns, 115.8221 ns/op
WorkloadActual  13: 4194304 op, 481121700.00 ns, 114.7084 ns/op
WorkloadActual  14: 4194304 op, 492221700.00 ns, 117.3548 ns/op
WorkloadActual  15: 4194304 op, 485767000.00 ns, 115.8159 ns/op

// AfterActualRun
WorkloadResult   1: 4194304 op, 479337100.00 ns, 114.2829 ns/op
WorkloadResult   2: 4194304 op, 481122100.00 ns, 114.7084 ns/op
WorkloadResult   3: 4194304 op, 474714100.00 ns, 113.1807 ns/op
WorkloadResult   4: 4194304 op, 477715900.00 ns, 113.8963 ns/op
WorkloadResult   5: 4194304 op, 480002500.00 ns, 114.4415 ns/op
WorkloadResult   6: 4194304 op, 481650900.00 ns, 114.8345 ns/op
WorkloadResult   7: 4194304 op, 477978800.00 ns, 113.9590 ns/op
WorkloadResult   8: 4194304 op, 482626800.00 ns, 115.0672 ns/op
WorkloadResult   9: 4194304 op, 477901900.00 ns, 113.9407 ns/op
WorkloadResult  10: 4194304 op, 479485600.00 ns, 114.3183 ns/op
WorkloadResult  11: 4194304 op, 474814300.00 ns, 113.2046 ns/op
WorkloadResult  12: 4194304 op, 485914300.00 ns, 115.8510 ns/op
WorkloadResult  13: 4194304 op, 479459600.00 ns, 114.3121 ns/op
// GC:  220 0 0 3456106496 4194304
// Threading:  0 0 4194304

// AfterAll
// Benchmark Process 33416 has exited with code 0.

Mean = 114.307 ns, StdErr = 0.201 ns (0.18%), N = 13, StdDev = 0.726 ns
Min = 113.181 ns, Q1 = 113.941 ns, Median = 114.312 ns, Q3 = 114.708 ns, Max = 115.851 ns
IQR = 0.768 ns, LowerFence = 112.789 ns, UpperFence = 115.860 ns
ConfidenceInterval = [113.438 ns; 115.177 ns] (CI 99.9%), Margin = 0.870 ns (0.76% of Mean)
Skewness = 0.28, Kurtosis = 2.56, MValue = 2

// ** Remained 4 (66.7%) benchmark(s) to run. Estimated finish 2026-09-24 1:29 (0h 0m from now) **
Setup power plan (GUID: 8c5e7fda-e8bf-4a96-9a85-a6e23a8c635c FriendlyName: High performance)
// **************************
// Benchmark: ParserAllocBenchmarks.ReferenceClassify_Check: DefaultJob
// *** Execute ***
// Launch: 1 / 1
// Execute: dotnet CommandParserAllocBench-DefaultJob-1.dll --anonymousPipes 26332 2224 --benchmarkName VectorNNTP.NNTPD.CommandParserAllocBench.ParserAllocBenchmarks.ReferenceClassify_Check --job Default --benchmarkId 2 in C:\Users\chrisk\source\repos\Usenet.ninja\VectorNNTP\.artifacts\command-parser-alloc-bench\bin\Release\net10.0\CommandParserAllocBench-DefaultJob-1\bin\Release\net10.0
// BeforeAnythingElse

// Benchmark Process Environment Information:
// BenchmarkDotNet v0.15.4
// Runtime=.NET 10.0.12 (10.0.12, 10.0.1226.42308), X64 RyuJIT x86-64-v3
// GC=Concurrent Workstation
// HardwareIntrinsics=AVX2+BMI1+BMI2+F16C+FMA+LZCNT+MOVBE,AVX,SSE3+SSSE3+SSE4.1+SSE4.2+POPCNT,X86Base+SSE+SSE2,AES+PCLMUL,AvxVnni,SERIALIZE VectorSize=256
// Job: DefaultJob

OverheadJitting  1: 1 op, 153200.00 ns, 153.2000 us/op
WorkloadJitting  1: 1 op, 609300.00 ns, 609.3000 us/op

OverheadJitting  2: 16 op, 244200.00 ns, 15.2625 us/op
WorkloadJitting  2: 16 op, 246200.00 ns, 15.3875 us/op

WorkloadPilot    1: 16 op, 2500.00 ns, 156.2500 ns/op
WorkloadPilot    2: 32 op, 4100.00 ns, 128.1250 ns/op
WorkloadPilot    3: 64 op, 7200.00 ns, 112.5000 ns/op
WorkloadPilot    4: 128 op, 14100.00 ns, 110.1563 ns/op
WorkloadPilot    5: 256 op, 27200.00 ns, 106.2500 ns/op
WorkloadPilot    6: 512 op, 53700.00 ns, 104.8828 ns/op
WorkloadPilot    7: 1024 op, 118300.00 ns, 115.5273 ns/op
WorkloadPilot    8: 2048 op, 241100.00 ns, 117.7246 ns/op
WorkloadPilot    9: 4096 op, 358100.00 ns, 87.4268 ns/op
WorkloadPilot   10: 8192 op, 698900.00 ns, 85.3149 ns/op
WorkloadPilot   11: 16384 op, 1154100.00 ns, 70.4407 ns/op
WorkloadPilot   12: 32768 op, 1906600.00 ns, 58.1848 ns/op
WorkloadPilot   13: 65536 op, 3498100.00 ns, 53.3768 ns/op
WorkloadPilot   14: 131072 op, 6911200.00 ns, 52.7283 ns/op
WorkloadPilot   15: 262144 op, 13697900.00 ns, 52.2533 ns/op
WorkloadPilot   16: 524288 op, 26937000.00 ns, 51.3783 ns/op
WorkloadPilot   17: 1048576 op, 52542200.00 ns, 50.1081 ns/op
WorkloadPilot   18: 2097152 op, 27147500.00 ns, 12.9449 ns/op
WorkloadPilot   19: 4194304 op, 35153400.00 ns, 8.3812 ns/op
WorkloadPilot   20: 8388608 op, 70073000.00 ns, 8.3534 ns/op
WorkloadPilot   21: 16777216 op, 140473500.00 ns, 8.3729 ns/op
WorkloadPilot   22: 33554432 op, 282821600.00 ns, 8.4287 ns/op
WorkloadPilot   23: 67108864 op, 563054500.00 ns, 8.3902 ns/op

OverheadWarmup   1: 67108864 op, 102608000.00 ns, 1.5290 ns/op
OverheadWarmup   2: 67108864 op, 103565500.00 ns, 1.5432 ns/op
OverheadWarmup   3: 67108864 op, 82336900.00 ns, 1.2269 ns/op
OverheadWarmup   4: 67108864 op, 79612500.00 ns, 1.1863 ns/op
OverheadWarmup   5: 67108864 op, 79979900.00 ns, 1.1918 ns/op
OverheadWarmup   6: 67108864 op, 79161400.00 ns, 1.1796 ns/op

OverheadActual   1: 67108864 op, 79213800.00 ns, 1.1804 ns/op
OverheadActual   2: 67108864 op, 80388100.00 ns, 1.1979 ns/op
OverheadActual   3: 67108864 op, 79179100.00 ns, 1.1799 ns/op
OverheadActual   4: 67108864 op, 79179100.00 ns, 1.1799 ns/op
OverheadActual   5: 67108864 op, 79160900.00 ns, 1.1796 ns/op
OverheadActual   6: 67108864 op, 79394900.00 ns, 1.1831 ns/op
OverheadActual   7: 67108864 op, 81858000.00 ns, 1.2198 ns/op
OverheadActual   8: 67108864 op, 81191100.00 ns, 1.2098 ns/op
OverheadActual   9: 67108864 op, 80426900.00 ns, 1.1985 ns/op
OverheadActual  10: 67108864 op, 81586400.00 ns, 1.2157 ns/op
OverheadActual  11: 67108864 op, 81304700.00 ns, 1.2115 ns/op
OverheadActual  12: 67108864 op, 79477500.00 ns, 1.1843 ns/op
OverheadActual  13: 67108864 op, 80166100.00 ns, 1.1946 ns/op
OverheadActual  14: 67108864 op, 79854800.00 ns, 1.1899 ns/op
OverheadActual  15: 67108864 op, 79200400.00 ns, 1.1802 ns/op

WorkloadWarmup   1: 67108864 op, 564237100.00 ns, 8.4078 ns/op
WorkloadWarmup   2: 67108864 op, 563550500.00 ns, 8.3976 ns/op
WorkloadWarmup   3: 67108864 op, 558708900.00 ns, 8.3254 ns/op
WorkloadWarmup   4: 67108864 op, 557246100.00 ns, 8.3036 ns/op
WorkloadWarmup   5: 67108864 op, 565071900.00 ns, 8.4202 ns/op
WorkloadWarmup   6: 67108864 op, 559622400.00 ns, 8.3390 ns/op
WorkloadWarmup   7: 67108864 op, 560048000.00 ns, 8.3454 ns/op
WorkloadWarmup   8: 67108864 op, 564444600.00 ns, 8.4109 ns/op
WorkloadWarmup   9: 67108864 op, 571289300.00 ns, 8.5129 ns/op
WorkloadWarmup  10: 67108864 op, 575947200.00 ns, 8.5823 ns/op
WorkloadWarmup  11: 67108864 op, 573501900.00 ns, 8.5458 ns/op

// BeforeActualRun
WorkloadActual   1: 67108864 op, 570357300.00 ns, 8.4990 ns/op
WorkloadActual   2: 67108864 op, 560549900.00 ns, 8.3528 ns/op
WorkloadActual   3: 67108864 op, 565093600.00 ns, 8.4206 ns/op
WorkloadActual   4: 67108864 op, 563811000.00 ns, 8.4014 ns/op
WorkloadActual   5: 67108864 op, 561717100.00 ns, 8.3702 ns/op
WorkloadActual   6: 67108864 op, 558937300.00 ns, 8.3288 ns/op
WorkloadActual   7: 67108864 op, 569523100.00 ns, 8.4866 ns/op
WorkloadActual   8: 67108864 op, 560886000.00 ns, 8.3579 ns/op
WorkloadActual   9: 67108864 op, 560567000.00 ns, 8.3531 ns/op
WorkloadActual  10: 67108864 op, 562934000.00 ns, 8.3884 ns/op
WorkloadActual  11: 67108864 op, 560002000.00 ns, 8.3447 ns/op
WorkloadActual  12: 67108864 op, 561947500.00 ns, 8.3737 ns/op
WorkloadActual  13: 67108864 op, 560358500.00 ns, 8.3500 ns/op
WorkloadActual  14: 67108864 op, 558334700.00 ns, 8.3198 ns/op
WorkloadActual  15: 67108864 op, 560119300.00 ns, 8.3464 ns/op

// AfterActualRun
WorkloadResult   1: 67108864 op, 480695100.00 ns, 7.1629 ns/op
WorkloadResult   2: 67108864 op, 485238800.00 ns, 7.2306 ns/op
WorkloadResult   3: 67108864 op, 483956200.00 ns, 7.2115 ns/op
WorkloadResult   4: 67108864 op, 481862300.00 ns, 7.1803 ns/op
WorkloadResult   5: 67108864 op, 479082500.00 ns, 7.1389 ns/op
WorkloadResult   6: 67108864 op, 481031200.00 ns, 7.1679 ns/op
WorkloadResult   7: 67108864 op, 480712200.00 ns, 7.1632 ns/op
WorkloadResult   8: 67108864 op, 483079200.00 ns, 7.1984 ns/op
WorkloadResult   9: 67108864 op, 480147200.00 ns, 7.1548 ns/op
WorkloadResult  10: 67108864 op, 482092700.00 ns, 7.1837 ns/op
WorkloadResult  11: 67108864 op, 480503700.00 ns, 7.1601 ns/op
WorkloadResult  12: 67108864 op, 478479900.00 ns, 7.1299 ns/op
WorkloadResult  13: 67108864 op, 480264500.00 ns, 7.1565 ns/op
// GC:  0 0 0 32 67108864
// Threading:  0 0 67108864

// AfterAll
// Benchmark Process 15760 has exited with code 0.

Mean = 7.172 ns, StdErr = 0.008 ns (0.11%), N = 13, StdDev = 0.028 ns
Min = 7.130 ns, Q1 = 7.156 ns, Median = 7.163 ns, Q3 = 7.184 ns, Max = 7.231 ns
IQR = 0.027 ns, LowerFence = 7.116 ns, UpperFence = 7.225 ns
ConfidenceInterval = [7.138 ns; 7.206 ns] (CI 99.9%), Margin = 0.034 ns (0.47% of Mean)
Skewness = 0.52, Kurtosis = 2.29, MValue = 2

// ** Remained 3 (50.0%) benchmark(s) to run. Estimated finish 2026-09-24 1:29 (0h 0m from now) **
Setup power plan (GUID: 8c5e7fda-e8bf-4a96-9a85-a6e23a8c635c FriendlyName: High performance)
// **************************
// Benchmark: ParserAllocBenchmarks.ReferenceClassify_TakeThis: DefaultJob
// *** Execute ***
// Launch: 1 / 1
// Execute: dotnet CommandParserAllocBench-DefaultJob-1.dll --anonymousPipes 39468 1232 --benchmarkName VectorNNTP.NNTPD.CommandParserAllocBench.ParserAllocBenchmarks.ReferenceClassify_TakeThis --job Default --benchmarkId 3 in C:\Users\chrisk\source\repos\Usenet.ninja\VectorNNTP\.artifacts\command-parser-alloc-bench\bin\Release\net10.0\CommandParserAllocBench-DefaultJob-1\bin\Release\net10.0
// BeforeAnythingElse

// Benchmark Process Environment Information:
// BenchmarkDotNet v0.15.4
// Runtime=.NET 10.0.12 (10.0.12, 10.0.1226.42308), X64 RyuJIT x86-64-v3
// GC=Concurrent Workstation
// HardwareIntrinsics=AVX2+BMI1+BMI2+F16C+FMA+LZCNT+MOVBE,AVX,SSE3+SSSE3+SSE4.1+SSE4.2+POPCNT,X86Base+SSE+SSE2,AES+PCLMUL,AvxVnni,SERIALIZE VectorSize=256
// Job: DefaultJob

OverheadJitting  1: 1 op, 148100.00 ns, 148.1000 us/op
WorkloadJitting  1: 1 op, 609100.00 ns, 609.1000 us/op

OverheadJitting  2: 16 op, 247200.00 ns, 15.4500 us/op
WorkloadJitting  2: 16 op, 253400.00 ns, 15.8375 us/op

WorkloadPilot    1: 16 op, 3300.00 ns, 206.2500 ns/op
WorkloadPilot    2: 32 op, 6000.00 ns, 187.5000 ns/op
WorkloadPilot    3: 64 op, 11000.00 ns, 171.8750 ns/op
WorkloadPilot    4: 128 op, 20700.00 ns, 161.7188 ns/op
WorkloadPilot    5: 256 op, 42300.00 ns, 165.2344 ns/op
WorkloadPilot    6: 512 op, 80500.00 ns, 157.2266 ns/op
WorkloadPilot    7: 1024 op, 205700.00 ns, 200.8789 ns/op
WorkloadPilot    8: 2048 op, 326300.00 ns, 159.3262 ns/op
WorkloadPilot    9: 4096 op, 494700.00 ns, 120.7764 ns/op
WorkloadPilot   10: 8192 op, 970800.00 ns, 118.5059 ns/op
WorkloadPilot   11: 16384 op, 1673300.00 ns, 102.1301 ns/op
WorkloadPilot   12: 32768 op, 3010900.00 ns, 91.8854 ns/op
WorkloadPilot   13: 65536 op, 5856800.00 ns, 89.3677 ns/op
WorkloadPilot   14: 131072 op, 11279900.00 ns, 86.0588 ns/op
WorkloadPilot   15: 262144 op, 22458500.00 ns, 85.6724 ns/op
WorkloadPilot   16: 524288 op, 43480300.00 ns, 82.9321 ns/op
WorkloadPilot   17: 1048576 op, 36354200.00 ns, 34.6701 ns/op
WorkloadPilot   18: 2097152 op, 22183400.00 ns, 10.5779 ns/op
WorkloadPilot   19: 4194304 op, 45339000.00 ns, 10.8097 ns/op
WorkloadPilot   20: 8388608 op, 88898400.00 ns, 10.5975 ns/op
WorkloadPilot   21: 16777216 op, 177393900.00 ns, 10.5735 ns/op
WorkloadPilot   22: 33554432 op, 353375400.00 ns, 10.5314 ns/op
WorkloadPilot   23: 67108864 op, 811143800.00 ns, 12.0870 ns/op

OverheadWarmup   1: 67108864 op, 105019200.00 ns, 1.5649 ns/op
OverheadWarmup   2: 67108864 op, 104921200.00 ns, 1.5634 ns/op
OverheadWarmup   3: 67108864 op, 83359500.00 ns, 1.2422 ns/op
OverheadWarmup   4: 67108864 op, 81049200.00 ns, 1.2077 ns/op
OverheadWarmup   5: 67108864 op, 80763800.00 ns, 1.2035 ns/op
OverheadWarmup   6: 67108864 op, 80505200.00 ns, 1.1996 ns/op
OverheadWarmup   7: 67108864 op, 80642100.00 ns, 1.2017 ns/op
OverheadWarmup   8: 67108864 op, 80261000.00 ns, 1.1960 ns/op
OverheadWarmup   9: 67108864 op, 79802900.00 ns, 1.1892 ns/op
OverheadWarmup  10: 67108864 op, 80249700.00 ns, 1.1958 ns/op

OverheadActual   1: 67108864 op, 79778100.00 ns, 1.1888 ns/op
OverheadActual   2: 67108864 op, 79681000.00 ns, 1.1873 ns/op
OverheadActual   3: 67108864 op, 79354600.00 ns, 1.1825 ns/op
OverheadActual   4: 67108864 op, 79097800.00 ns, 1.1786 ns/op
OverheadActual   5: 67108864 op, 79105700.00 ns, 1.1788 ns/op
OverheadActual   6: 67108864 op, 79184400.00 ns, 1.1799 ns/op
OverheadActual   7: 67108864 op, 79072900.00 ns, 1.1783 ns/op
OverheadActual   8: 67108864 op, 79675900.00 ns, 1.1873 ns/op
OverheadActual   9: 67108864 op, 81045400.00 ns, 1.2077 ns/op
OverheadActual  10: 67108864 op, 79566600.00 ns, 1.1856 ns/op
OverheadActual  11: 67108864 op, 79151100.00 ns, 1.1794 ns/op
OverheadActual  12: 67108864 op, 79115200.00 ns, 1.1789 ns/op
OverheadActual  13: 67108864 op, 79062500.00 ns, 1.1781 ns/op
OverheadActual  14: 67108864 op, 79084900.00 ns, 1.1785 ns/op
OverheadActual  15: 67108864 op, 79808400.00 ns, 1.1892 ns/op

WorkloadWarmup   1: 67108864 op, 760956900.00 ns, 11.3391 ns/op
WorkloadWarmup   2: 67108864 op, 713961200.00 ns, 10.6389 ns/op
WorkloadWarmup   3: 67108864 op, 722994900.00 ns, 10.7735 ns/op
WorkloadWarmup   4: 67108864 op, 700495400.00 ns, 10.4382 ns/op
WorkloadWarmup   5: 67108864 op, 735962400.00 ns, 10.9667 ns/op
WorkloadWarmup   6: 67108864 op, 722851300.00 ns, 10.7713 ns/op

// BeforeActualRun
WorkloadActual   1: 67108864 op, 779897900.00 ns, 11.6214 ns/op
WorkloadActual   2: 67108864 op, 778267400.00 ns, 11.5971 ns/op
WorkloadActual   3: 67108864 op, 745749100.00 ns, 11.1125 ns/op
WorkloadActual   4: 67108864 op, 737832200.00 ns, 10.9946 ns/op
WorkloadActual   5: 67108864 op, 711799900.00 ns, 10.6066 ns/op
WorkloadActual   6: 67108864 op, 711796200.00 ns, 10.6066 ns/op
WorkloadActual   7: 67108864 op, 704730100.00 ns, 10.5013 ns/op
WorkloadActual   8: 67108864 op, 752254200.00 ns, 11.2095 ns/op
WorkloadActual   9: 67108864 op, 753907800.00 ns, 11.2341 ns/op
WorkloadActual  10: 67108864 op, 791482900.00 ns, 11.7940 ns/op
WorkloadActual  11: 67108864 op, 708071100.00 ns, 10.5511 ns/op
WorkloadActual  12: 67108864 op, 700465900.00 ns, 10.4378 ns/op
WorkloadActual  13: 67108864 op, 754793100.00 ns, 11.2473 ns/op
WorkloadActual  14: 67108864 op, 699113300.00 ns, 10.4176 ns/op
WorkloadActual  15: 67108864 op, 699068100.00 ns, 10.4169 ns/op
WorkloadActual  16: 67108864 op, 725237100.00 ns, 10.8069 ns/op
WorkloadActual  17: 67108864 op, 707831700.00 ns, 10.5475 ns/op
WorkloadActual  18: 67108864 op, 751382700.00 ns, 11.1965 ns/op
WorkloadActual  19: 67108864 op, 705401500.00 ns, 10.5113 ns/op
WorkloadActual  20: 67108864 op, 780345600.00 ns, 11.6281 ns/op
WorkloadActual  21: 67108864 op, 721225800.00 ns, 10.7471 ns/op
WorkloadActual  22: 67108864 op, 727458600.00 ns, 10.8400 ns/op
WorkloadActual  23: 67108864 op, 700433500.00 ns, 10.4373 ns/op
WorkloadActual  24: 67108864 op, 703457700.00 ns, 10.4823 ns/op
WorkloadActual  25: 67108864 op, 733077300.00 ns, 10.9237 ns/op
WorkloadActual  26: 67108864 op, 734895900.00 ns, 10.9508 ns/op
WorkloadActual  27: 67108864 op, 748625600.00 ns, 11.1554 ns/op
WorkloadActual  28: 67108864 op, 745366900.00 ns, 11.1068 ns/op
WorkloadActual  29: 67108864 op, 731414500.00 ns, 10.8989 ns/op
WorkloadActual  30: 67108864 op, 738813300.00 ns, 11.0092 ns/op
WorkloadActual  31: 67108864 op, 712601900.00 ns, 10.6186 ns/op
WorkloadActual  32: 67108864 op, 706175500.00 ns, 10.5228 ns/op
WorkloadActual  33: 67108864 op, 828089300.00 ns, 12.3395 ns/op
WorkloadActual  34: 67108864 op, 731187800.00 ns, 10.8955 ns/op
WorkloadActual  35: 67108864 op, 830285900.00 ns, 12.3722 ns/op
WorkloadActual  36: 67108864 op, 811478800.00 ns, 12.0920 ns/op
WorkloadActual  37: 67108864 op, 702435800.00 ns, 10.4671 ns/op
WorkloadActual  38: 67108864 op, 725422300.00 ns, 10.8096 ns/op
WorkloadActual  39: 67108864 op, 724477000.00 ns, 10.7955 ns/op
WorkloadActual  40: 67108864 op, 766588100.00 ns, 11.4231 ns/op
WorkloadActual  41: 67108864 op, 728749000.00 ns, 10.8592 ns/op
WorkloadActual  42: 67108864 op, 695991700.00 ns, 10.3711 ns/op
WorkloadActual  43: 67108864 op, 723213800.00 ns, 10.7767 ns/op
WorkloadActual  44: 67108864 op, 727500100.00 ns, 10.8406 ns/op
WorkloadActual  45: 67108864 op, 764588900.00 ns, 11.3933 ns/op
WorkloadActual  46: 67108864 op, 708434500.00 ns, 10.5565 ns/op
WorkloadActual  47: 67108864 op, 736629300.00 ns, 10.9766 ns/op

// AfterActualRun
WorkloadResult   1: 67108864 op, 700713500.00 ns, 10.4414 ns/op
WorkloadResult   2: 67108864 op, 699083000.00 ns, 10.4171 ns/op
WorkloadResult   3: 67108864 op, 666564700.00 ns, 9.9326 ns/op
WorkloadResult   4: 67108864 op, 658647800.00 ns, 9.8146 ns/op
WorkloadResult   5: 67108864 op, 632615500.00 ns, 9.4267 ns/op
WorkloadResult   6: 67108864 op, 632611800.00 ns, 9.4267 ns/op
WorkloadResult   7: 67108864 op, 625545700.00 ns, 9.3214 ns/op
WorkloadResult   8: 67108864 op, 673069800.00 ns, 10.0295 ns/op
WorkloadResult   9: 67108864 op, 674723400.00 ns, 10.0542 ns/op
WorkloadResult  10: 67108864 op, 712298500.00 ns, 10.6141 ns/op
WorkloadResult  11: 67108864 op, 628886700.00 ns, 9.3711 ns/op
WorkloadResult  12: 67108864 op, 621281500.00 ns, 9.2578 ns/op
WorkloadResult  13: 67108864 op, 675608700.00 ns, 10.0674 ns/op
WorkloadResult  14: 67108864 op, 619928900.00 ns, 9.2377 ns/op
WorkloadResult  15: 67108864 op, 619883700.00 ns, 9.2370 ns/op
WorkloadResult  16: 67108864 op, 646052700.00 ns, 9.6269 ns/op
WorkloadResult  17: 67108864 op, 628647300.00 ns, 9.3676 ns/op
WorkloadResult  18: 67108864 op, 672198300.00 ns, 10.0165 ns/op
WorkloadResult  19: 67108864 op, 626217100.00 ns, 9.3314 ns/op
WorkloadResult  20: 67108864 op, 701161200.00 ns, 10.4481 ns/op
WorkloadResult  21: 67108864 op, 642041400.00 ns, 9.5672 ns/op
WorkloadResult  22: 67108864 op, 648274200.00 ns, 9.6600 ns/op
WorkloadResult  23: 67108864 op, 621249100.00 ns, 9.2573 ns/op
WorkloadResult  24: 67108864 op, 624273300.00 ns, 9.3024 ns/op
WorkloadResult  25: 67108864 op, 653892900.00 ns, 9.7438 ns/op
WorkloadResult  26: 67108864 op, 655711500.00 ns, 9.7709 ns/op
WorkloadResult  27: 67108864 op, 669441200.00 ns, 9.9755 ns/op
WorkloadResult  28: 67108864 op, 666182500.00 ns, 9.9269 ns/op
WorkloadResult  29: 67108864 op, 652230100.00 ns, 9.7190 ns/op
WorkloadResult  30: 67108864 op, 659628900.00 ns, 9.8292 ns/op
WorkloadResult  31: 67108864 op, 633417500.00 ns, 9.4387 ns/op
WorkloadResult  32: 67108864 op, 626991100.00 ns, 9.3429 ns/op
WorkloadResult  33: 67108864 op, 652003400.00 ns, 9.7156 ns/op
WorkloadResult  34: 67108864 op, 732294400.00 ns, 10.9120 ns/op
WorkloadResult  35: 67108864 op, 623251400.00 ns, 9.2872 ns/op
WorkloadResult  36: 67108864 op, 646237900.00 ns, 9.6297 ns/op
WorkloadResult  37: 67108864 op, 645292600.00 ns, 9.6156 ns/op
WorkloadResult  38: 67108864 op, 687403700.00 ns, 10.2431 ns/op
WorkloadResult  39: 67108864 op, 649564600.00 ns, 9.6793 ns/op
WorkloadResult  40: 67108864 op, 616807300.00 ns, 9.1911 ns/op
WorkloadResult  41: 67108864 op, 644029400.00 ns, 9.5968 ns/op
WorkloadResult  42: 67108864 op, 648315700.00 ns, 9.6607 ns/op
WorkloadResult  43: 67108864 op, 685404500.00 ns, 10.2133 ns/op
WorkloadResult  44: 67108864 op, 629250100.00 ns, 9.3766 ns/op
WorkloadResult  45: 67108864 op, 657444900.00 ns, 9.7967 ns/op
// GC:  0 0 0 0 67108864
// Threading:  0 0 67108864

// AfterAll
// Benchmark Process 26200 has exited with code 0.

Mean = 9.731 ns, StdErr = 0.062 ns (0.63%), N = 45, StdDev = 0.414 ns
Min = 9.191 ns, Q1 = 9.371 ns, Median = 9.661 ns, Q3 = 9.975 ns, Max = 10.912 ns
IQR = 0.604 ns, LowerFence = 8.465 ns, UpperFence = 10.882 ns
ConfidenceInterval = [9.513 ns; 9.949 ns] (CI 99.9%), Margin = 0.218 ns (2.24% of Mean)
Skewness = 0.81, Kurtosis = 3.02, MValue = 2

// ** Remained 2 (33.3%) benchmark(s) to run. Estimated finish 2026-09-24 1:29 (0h 0m from now) **
Setup power plan (GUID: 8c5e7fda-e8bf-4a96-9a85-a6e23a8c635c FriendlyName: High performance)
// **************************
// Benchmark: ParserAllocBenchmarks.ReferenceDispatch_Check: DefaultJob
// *** Execute ***
// Launch: 1 / 1
// Execute: dotnet CommandParserAllocBench-DefaultJob-1.dll --anonymousPipes 22600 22572 --benchmarkName VectorNNTP.NNTPD.CommandParserAllocBench.ParserAllocBenchmarks.ReferenceDispatch_Check --job Default --benchmarkId 4 in C:\Users\chrisk\source\repos\Usenet.ninja\VectorNNTP\.artifacts\command-parser-alloc-bench\bin\Release\net10.0\CommandParserAllocBench-DefaultJob-1\bin\Release\net10.0
// BeforeAnythingElse

// Benchmark Process Environment Information:
// BenchmarkDotNet v0.15.4
// Runtime=.NET 10.0.12 (10.0.12, 10.0.1226.42308), X64 RyuJIT x86-64-v3
// GC=Concurrent Workstation
// HardwareIntrinsics=AVX2+BMI1+BMI2+F16C+FMA+LZCNT+MOVBE,AVX,SSE3+SSSE3+SSE4.1+SSE4.2+POPCNT,X86Base+SSE+SSE2,AES+PCLMUL,AvxVnni,SERIALIZE VectorSize=256
// Job: DefaultJob

OverheadJitting  1: 1 op, 148300.00 ns, 148.3000 us/op
WorkloadJitting  1: 1 op, 728300.00 ns, 728.3000 us/op

OverheadJitting  2: 16 op, 245500.00 ns, 15.3438 us/op
WorkloadJitting  2: 16 op, 256900.00 ns, 16.0563 us/op

WorkloadPilot    1: 16 op, 11300.00 ns, 706.2500 ns/op
WorkloadPilot    2: 32 op, 13700.00 ns, 428.1250 ns/op
WorkloadPilot    3: 64 op, 19300.00 ns, 301.5625 ns/op
WorkloadPilot    4: 128 op, 46000.00 ns, 359.3750 ns/op
WorkloadPilot    5: 256 op, 73700.00 ns, 287.8906 ns/op
WorkloadPilot    6: 512 op, 127600.00 ns, 249.2188 ns/op
WorkloadPilot    7: 1024 op, 273500.00 ns, 267.0898 ns/op
WorkloadPilot    8: 2048 op, 491700.00 ns, 240.0879 ns/op
WorkloadPilot    9: 4096 op, 845700.00 ns, 206.4697 ns/op
WorkloadPilot   10: 8192 op, 1955200.00 ns, 238.6719 ns/op
WorkloadPilot   11: 16384 op, 3392100.00 ns, 207.0374 ns/op
WorkloadPilot   12: 32768 op, 6270500.00 ns, 191.3605 ns/op
WorkloadPilot   13: 65536 op, 11126800.00 ns, 169.7815 ns/op
WorkloadPilot   14: 131072 op, 15784900.00 ns, 120.4292 ns/op
WorkloadPilot   15: 262144 op, 30784000.00 ns, 117.4316 ns/op
WorkloadPilot   16: 524288 op, 63020900.00 ns, 120.2028 ns/op
WorkloadPilot   17: 1048576 op, 34141400.00 ns, 32.5598 ns/op
WorkloadPilot   18: 2097152 op, 59153900.00 ns, 28.2068 ns/op
WorkloadPilot   19: 4194304 op, 115488200.00 ns, 27.5345 ns/op
WorkloadPilot   20: 8388608 op, 233584300.00 ns, 27.8454 ns/op
WorkloadPilot   21: 16777216 op, 458638900.00 ns, 27.3370 ns/op
WorkloadPilot   22: 33554432 op, 1000445800.00 ns, 29.8156 ns/op

OverheadWarmup   1: 33554432 op, 50793000.00 ns, 1.5137 ns/op
OverheadWarmup   2: 33554432 op, 50896400.00 ns, 1.5168 ns/op
OverheadWarmup   3: 33554432 op, 52380900.00 ns, 1.5611 ns/op
OverheadWarmup   4: 33554432 op, 52498100.00 ns, 1.5646 ns/op
OverheadWarmup   5: 33554432 op, 52495900.00 ns, 1.5645 ns/op
OverheadWarmup   6: 33554432 op, 51748200.00 ns, 1.5422 ns/op
OverheadWarmup   7: 33554432 op, 42540400.00 ns, 1.2678 ns/op
OverheadWarmup   8: 33554432 op, 40088000.00 ns, 1.1947 ns/op
OverheadWarmup   9: 33554432 op, 40203300.00 ns, 1.1982 ns/op
OverheadWarmup  10: 33554432 op, 39852200.00 ns, 1.1877 ns/op

OverheadActual   1: 33554432 op, 39886200.00 ns, 1.1887 ns/op
OverheadActual   2: 33554432 op, 40168700.00 ns, 1.1971 ns/op
OverheadActual   3: 33554432 op, 40111200.00 ns, 1.1954 ns/op
OverheadActual   4: 33554432 op, 40127700.00 ns, 1.1959 ns/op
OverheadActual   5: 33554432 op, 40286100.00 ns, 1.2006 ns/op
OverheadActual   6: 33554432 op, 39502100.00 ns, 1.1773 ns/op
OverheadActual   7: 33554432 op, 39525800.00 ns, 1.1780 ns/op
OverheadActual   8: 33554432 op, 39612800.00 ns, 1.1806 ns/op
OverheadActual   9: 33554432 op, 39532400.00 ns, 1.1782 ns/op
OverheadActual  10: 33554432 op, 39419700.00 ns, 1.1748 ns/op
OverheadActual  11: 33554432 op, 39914000.00 ns, 1.1895 ns/op
OverheadActual  12: 33554432 op, 40057400.00 ns, 1.1938 ns/op
OverheadActual  13: 33554432 op, 39525300.00 ns, 1.1779 ns/op
OverheadActual  14: 33554432 op, 39695800.00 ns, 1.1830 ns/op
OverheadActual  15: 33554432 op, 39621900.00 ns, 1.1808 ns/op

WorkloadWarmup   1: 33554432 op, 935608300.00 ns, 27.8833 ns/op
WorkloadWarmup   2: 33554432 op, 932199100.00 ns, 27.7817 ns/op
WorkloadWarmup   3: 33554432 op, 929019100.00 ns, 27.6869 ns/op
WorkloadWarmup   4: 33554432 op, 1127727300.00 ns, 33.6089 ns/op
WorkloadWarmup   5: 33554432 op, 959702900.00 ns, 28.6014 ns/op
WorkloadWarmup   6: 33554432 op, 938486500.00 ns, 27.9691 ns/op
WorkloadWarmup   7: 33554432 op, 925768300.00 ns, 27.5900 ns/op
WorkloadWarmup   8: 33554432 op, 949106300.00 ns, 28.2856 ns/op
WorkloadWarmup   9: 33554432 op, 931287200.00 ns, 27.7545 ns/op

// BeforeActualRun
WorkloadActual   1: 33554432 op, 931253300.00 ns, 27.7535 ns/op
WorkloadActual   2: 33554432 op, 937097500.00 ns, 27.9277 ns/op
WorkloadActual   3: 33554432 op, 934836600.00 ns, 27.8603 ns/op
WorkloadActual   4: 33554432 op, 927212400.00 ns, 27.6331 ns/op
WorkloadActual   5: 33554432 op, 923867100.00 ns, 27.5334 ns/op
WorkloadActual   6: 33554432 op, 949565700.00 ns, 28.2993 ns/op
WorkloadActual   7: 33554432 op, 982255900.00 ns, 29.2735 ns/op
WorkloadActual   8: 33554432 op, 957132800.00 ns, 28.5248 ns/op
WorkloadActual   9: 33554432 op, 973523500.00 ns, 29.0133 ns/op
WorkloadActual  10: 33554432 op, 941841600.00 ns, 28.0691 ns/op
WorkloadActual  11: 33554432 op, 930072900.00 ns, 27.7183 ns/op
WorkloadActual  12: 33554432 op, 945957900.00 ns, 28.1917 ns/op
WorkloadActual  13: 33554432 op, 933867500.00 ns, 27.8314 ns/op
WorkloadActual  14: 33554432 op, 955271700.00 ns, 28.4693 ns/op
WorkloadActual  15: 33554432 op, 935821200.00 ns, 27.8896 ns/op

// AfterActualRun
WorkloadResult   1: 33554432 op, 891557500.00 ns, 26.5705 ns/op
WorkloadResult   2: 33554432 op, 897401700.00 ns, 26.7447 ns/op
WorkloadResult   3: 33554432 op, 895140800.00 ns, 26.6773 ns/op
WorkloadResult   4: 33554432 op, 887516600.00 ns, 26.4501 ns/op
WorkloadResult   5: 33554432 op, 884171300.00 ns, 26.3504 ns/op
WorkloadResult   6: 33554432 op, 909869900.00 ns, 27.1162 ns/op
WorkloadResult   7: 33554432 op, 917437000.00 ns, 27.3418 ns/op
WorkloadResult   8: 33554432 op, 933827700.00 ns, 27.8302 ns/op
WorkloadResult   9: 33554432 op, 902145800.00 ns, 26.8860 ns/op
WorkloadResult  10: 33554432 op, 890377100.00 ns, 26.5353 ns/op
WorkloadResult  11: 33554432 op, 906262100.00 ns, 27.0087 ns/op
WorkloadResult  12: 33554432 op, 894171700.00 ns, 26.6484 ns/op
WorkloadResult  13: 33554432 op, 915575900.00 ns, 27.2863 ns/op
WorkloadResult  14: 33554432 op, 896125400.00 ns, 26.7066 ns/op
// GC:  616 0 0 9663676416 33554432
// Threading:  0 0 33554432

// AfterAll
// Benchmark Process 7632 has exited with code 0.

Mean = 26.868 ns, StdErr = 0.109 ns (0.41%), N = 14, StdDev = 0.409 ns
Min = 26.350 ns, Q1 = 26.590 ns, Median = 26.726 ns, Q3 = 27.089 ns, Max = 27.830 ns
IQR = 0.499 ns, LowerFence = 25.841 ns, UpperFence = 27.838 ns
ConfidenceInterval = [26.407 ns; 27.329 ns] (CI 99.9%), Margin = 0.461 ns (1.72% of Mean)
Skewness = 0.82, Kurtosis = 2.73, MValue = 2

// ** Remained 1 (16.7%) benchmark(s) to run. Estimated finish 2026-09-24 1:30 (0h 0m from now) **
Setup power plan (GUID: 8c5e7fda-e8bf-4a96-9a85-a6e23a8c635c FriendlyName: High performance)
// **************************
// Benchmark: ParserAllocBenchmarks.ReferenceDispatch_TakeThis: DefaultJob
// *** Execute ***
// Launch: 1 / 1
// Execute: dotnet CommandParserAllocBench-DefaultJob-1.dll --anonymousPipes 2716 35328 --benchmarkName VectorNNTP.NNTPD.CommandParserAllocBench.ParserAllocBenchmarks.ReferenceDispatch_TakeThis --job Default --benchmarkId 5 in C:\Users\chrisk\source\repos\Usenet.ninja\VectorNNTP\.artifacts\command-parser-alloc-bench\bin\Release\net10.0\CommandParserAllocBench-DefaultJob-1\bin\Release\net10.0
// BeforeAnythingElse

// Benchmark Process Environment Information:
// BenchmarkDotNet v0.15.4
// Runtime=.NET 10.0.12 (10.0.12, 10.0.1226.42308), X64 RyuJIT x86-64-v3
// GC=Concurrent Workstation
// HardwareIntrinsics=AVX2+BMI1+BMI2+F16C+FMA+LZCNT+MOVBE,AVX,SSE3+SSSE3+SSE4.1+SSE4.2+POPCNT,X86Base+SSE+SSE2,AES+PCLMUL,AvxVnni,SERIALIZE VectorSize=256
// Job: DefaultJob

OverheadJitting  1: 1 op, 147600.00 ns, 147.6000 us/op
WorkloadJitting  1: 1 op, 756400.00 ns, 756.4000 us/op

OverheadJitting  2: 16 op, 248400.00 ns, 15.5250 us/op
WorkloadJitting  2: 16 op, 262900.00 ns, 16.4313 us/op

WorkloadPilot    1: 16 op, 13200.00 ns, 825.0000 ns/op
WorkloadPilot    2: 32 op, 17000.00 ns, 531.2500 ns/op
WorkloadPilot    3: 64 op, 24600.00 ns, 384.3750 ns/op
WorkloadPilot    4: 128 op, 48200.00 ns, 376.5625 ns/op
WorkloadPilot    5: 256 op, 90200.00 ns, 352.3438 ns/op
WorkloadPilot    6: 512 op, 174200.00 ns, 340.2344 ns/op
WorkloadPilot    7: 1024 op, 422600.00 ns, 412.6953 ns/op
WorkloadPilot    8: 2048 op, 611000.00 ns, 298.3398 ns/op
WorkloadPilot    9: 4096 op, 1114500.00 ns, 272.0947 ns/op
WorkloadPilot   10: 8192 op, 2260900.00 ns, 275.9888 ns/op
WorkloadPilot   11: 16384 op, 4134100.00 ns, 252.3254 ns/op
WorkloadPilot   12: 32768 op, 8121300.00 ns, 247.8424 ns/op
WorkloadPilot   13: 65536 op, 13895200.00 ns, 212.0239 ns/op
WorkloadPilot   14: 131072 op, 21832400.00 ns, 166.5680 ns/op
WorkloadPilot   15: 262144 op, 42400500.00 ns, 161.7451 ns/op
WorkloadPilot   16: 524288 op, 49624000.00 ns, 94.6503 ns/op
WorkloadPilot   17: 1048576 op, 34852200.00 ns, 33.2376 ns/op
WorkloadPilot   18: 2097152 op, 71567500.00 ns, 34.1260 ns/op
WorkloadPilot   19: 4194304 op, 148021900.00 ns, 35.2912 ns/op
WorkloadPilot   20: 8388608 op, 274054800.00 ns, 32.6699 ns/op
WorkloadPilot   21: 16777216 op, 546293300.00 ns, 32.5616 ns/op

OverheadWarmup   1: 16777216 op, 25299500.00 ns, 1.5080 ns/op
OverheadWarmup   2: 16777216 op, 25193900.00 ns, 1.5017 ns/op
OverheadWarmup   3: 16777216 op, 25429300.00 ns, 1.5157 ns/op
OverheadWarmup   4: 16777216 op, 25213400.00 ns, 1.5028 ns/op
OverheadWarmup   5: 16777216 op, 25163300.00 ns, 1.4998 ns/op
OverheadWarmup   6: 16777216 op, 25170500.00 ns, 1.5003 ns/op
OverheadWarmup   7: 16777216 op, 25208200.00 ns, 1.5025 ns/op
OverheadWarmup   8: 16777216 op, 25163200.00 ns, 1.4998 ns/op

OverheadActual   1: 16777216 op, 25188400.00 ns, 1.5013 ns/op
OverheadActual   2: 16777216 op, 25158100.00 ns, 1.4995 ns/op
OverheadActual   3: 16777216 op, 25318800.00 ns, 1.5091 ns/op
OverheadActual   4: 16777216 op, 25279200.00 ns, 1.5068 ns/op
OverheadActual   5: 16777216 op, 25194100.00 ns, 1.5017 ns/op
OverheadActual   6: 16777216 op, 25133500.00 ns, 1.4981 ns/op
OverheadActual   7: 16777216 op, 25140300.00 ns, 1.4985 ns/op
OverheadActual   8: 16777216 op, 25247200.00 ns, 1.5049 ns/op
OverheadActual   9: 16777216 op, 22127000.00 ns, 1.3189 ns/op
OverheadActual  10: 16777216 op, 19729800.00 ns, 1.1760 ns/op
OverheadActual  11: 16777216 op, 19642400.00 ns, 1.1708 ns/op
OverheadActual  12: 16777216 op, 19850200.00 ns, 1.1832 ns/op
OverheadActual  13: 16777216 op, 19672100.00 ns, 1.1725 ns/op
OverheadActual  14: 16777216 op, 19959900.00 ns, 1.1897 ns/op
OverheadActual  15: 16777216 op, 19667900.00 ns, 1.1723 ns/op
OverheadActual  16: 16777216 op, 19766800.00 ns, 1.1782 ns/op
OverheadActual  17: 16777216 op, 19866500.00 ns, 1.1841 ns/op
OverheadActual  18: 16777216 op, 19717900.00 ns, 1.1753 ns/op
OverheadActual  19: 16777216 op, 19877400.00 ns, 1.1848 ns/op
OverheadActual  20: 16777216 op, 19673200.00 ns, 1.1726 ns/op

WorkloadWarmup   1: 16777216 op, 550043700.00 ns, 32.7852 ns/op
WorkloadWarmup   2: 16777216 op, 535422800.00 ns, 31.9137 ns/op
WorkloadWarmup   3: 16777216 op, 556432000.00 ns, 33.1659 ns/op
WorkloadWarmup   4: 16777216 op, 536588900.00 ns, 31.9832 ns/op
WorkloadWarmup   5: 16777216 op, 536506600.00 ns, 31.9783 ns/op
WorkloadWarmup   6: 16777216 op, 526794100.00 ns, 31.3994 ns/op
WorkloadWarmup   7: 16777216 op, 532231100.00 ns, 31.7234 ns/op
WorkloadWarmup   8: 16777216 op, 544509500.00 ns, 32.4553 ns/op
WorkloadWarmup   9: 16777216 op, 542344400.00 ns, 32.3262 ns/op

// BeforeActualRun
WorkloadActual   1: 16777216 op, 530798700.00 ns, 31.6381 ns/op
WorkloadActual   2: 16777216 op, 533412100.00 ns, 31.7938 ns/op
WorkloadActual   3: 16777216 op, 547939200.00 ns, 32.6597 ns/op
WorkloadActual   4: 16777216 op, 533711400.00 ns, 31.8117 ns/op
WorkloadActual   5: 16777216 op, 533723800.00 ns, 31.8124 ns/op
WorkloadActual   6: 16777216 op, 530351000.00 ns, 31.6114 ns/op
WorkloadActual   7: 16777216 op, 542621500.00 ns, 32.3428 ns/op
WorkloadActual   8: 16777216 op, 544965800.00 ns, 32.4825 ns/op
WorkloadActual   9: 16777216 op, 551412500.00 ns, 32.8667 ns/op
WorkloadActual  10: 16777216 op, 539297700.00 ns, 32.1446 ns/op
WorkloadActual  11: 16777216 op, 533715100.00 ns, 31.8119 ns/op
WorkloadActual  12: 16777216 op, 547728200.00 ns, 32.6471 ns/op
WorkloadActual  13: 16777216 op, 536315800.00 ns, 31.9669 ns/op
WorkloadActual  14: 16777216 op, 531093900.00 ns, 31.6557 ns/op
WorkloadActual  15: 16777216 op, 543683700.00 ns, 32.4061 ns/op

// AfterActualRun
WorkloadResult   1: 16777216 op, 510880050.00 ns, 30.4508 ns/op
WorkloadResult   2: 16777216 op, 513493450.00 ns, 30.6066 ns/op
WorkloadResult   3: 16777216 op, 528020550.00 ns, 31.4725 ns/op
WorkloadResult   4: 16777216 op, 513792750.00 ns, 30.6244 ns/op
WorkloadResult   5: 16777216 op, 513805150.00 ns, 30.6252 ns/op
WorkloadResult   6: 16777216 op, 510432350.00 ns, 30.4241 ns/op
WorkloadResult   7: 16777216 op, 522702850.00 ns, 31.1555 ns/op
WorkloadResult   8: 16777216 op, 525047150.00 ns, 31.2952 ns/op
WorkloadResult   9: 16777216 op, 531493850.00 ns, 31.6795 ns/op
WorkloadResult  10: 16777216 op, 519379050.00 ns, 30.9574 ns/op
WorkloadResult  11: 16777216 op, 513796450.00 ns, 30.6247 ns/op
WorkloadResult  12: 16777216 op, 527809550.00 ns, 31.4599 ns/op
WorkloadResult  13: 16777216 op, 516397150.00 ns, 30.7797 ns/op
WorkloadResult  14: 16777216 op, 511175250.00 ns, 30.4684 ns/op
WorkloadResult  15: 16777216 op, 523765050.00 ns, 31.2188 ns/op
// GC:  308 0 0 4831838208 16777216
// Threading:  0 0 16777216

// AfterAll
// Benchmark Process 28580 has exited with code 0.

Mean = 30.923 ns, StdErr = 0.109 ns (0.35%), N = 15, StdDev = 0.423 ns
Min = 30.424 ns, Q1 = 30.616 ns, Median = 30.780 ns, Q3 = 31.257 ns, Max = 31.680 ns
IQR = 0.642 ns, LowerFence = 29.653 ns, UpperFence = 32.219 ns
ConfidenceInterval = [30.470 ns; 31.375 ns] (CI 99.9%), Margin = 0.453 ns (1.46% of Mean)
Skewness = 0.36, Kurtosis = 1.49, MValue = 2

// ** Remained 0 (0.0%) benchmark(s) to run. Estimated finish 2026-09-24 1:29 (0h 0m from now) **
Successfully reverted power plan (GUID: 8c5e7fda-e8bf-4a96-9a85-a6e23a8c635c FriendlyName: High performance)
// ***** BenchmarkRunner: Finish  *****

// * Export *
  BenchmarkDotNet.Artifacts\results\VectorNNTP.NNTPD.CommandParserAllocBench.ParserAllocBenchmarks-report.csv
  BenchmarkDotNet.Artifacts\results\VectorNNTP.NNTPD.CommandParserAllocBench.ParserAllocBenchmarks-report-github.md
  BenchmarkDotNet.Artifacts\results\VectorNNTP.NNTPD.CommandParserAllocBench.ParserAllocBenchmarks-report.html

// * Detailed results *
ParserAllocBenchmarks.CurrentStream_Check: DefaultJob
Runtime = .NET 10.0.12 (10.0.12, 10.0.1226.42308), X64 RyuJIT x86-64-v3; GC = Concurrent Workstation
Mean = 118.819 ns, StdErr = 0.334 ns (0.28%), N = 14, StdDev = 1.248 ns
Min = 117.085 ns, Q1 = 117.804 ns, Median = 119.058 ns, Q3 = 119.556 ns, Max = 121.111 ns
IQR = 1.752 ns, LowerFence = 115.176 ns, UpperFence = 122.184 ns
ConfidenceInterval = [117.411 ns; 120.227 ns] (CI 99.9%), Margin = 1.408 ns (1.18% of Mean)
Skewness = 0.07, Kurtosis = 1.72, MValue = 2
-------------------- Histogram --------------------
[116.406 ns ; 121.790 ns) | @@@@@@@@@@@@@@
---------------------------------------------------

ParserAllocBenchmarks.CurrentStream_TakeThis: DefaultJob
Runtime = .NET 10.0.12 (10.0.12, 10.0.1226.42308), X64 RyuJIT x86-64-v3; GC = Concurrent Workstation
Mean = 114.307 ns, StdErr = 0.201 ns (0.18%), N = 13, StdDev = 0.726 ns
Min = 113.181 ns, Q1 = 113.941 ns, Median = 114.312 ns, Q3 = 114.708 ns, Max = 115.851 ns
IQR = 0.768 ns, LowerFence = 112.789 ns, UpperFence = 115.860 ns
ConfidenceInterval = [113.438 ns; 115.177 ns] (CI 99.9%), Margin = 0.870 ns (0.76% of Mean)
Skewness = 0.28, Kurtosis = 2.56, MValue = 2
-------------------- Histogram --------------------
[113.027 ns ; 116.256 ns) | @@@@@@@@@@@@@
---------------------------------------------------

ParserAllocBenchmarks.ReferenceClassify_Check: DefaultJob
Runtime = .NET 10.0.12 (10.0.12, 10.0.1226.42308), X64 RyuJIT x86-64-v3; GC = Concurrent Workstation
Mean = 7.172 ns, StdErr = 0.008 ns (0.11%), N = 13, StdDev = 0.028 ns
Min = 7.130 ns, Q1 = 7.156 ns, Median = 7.163 ns, Q3 = 7.184 ns, Max = 7.231 ns
IQR = 0.027 ns, LowerFence = 7.116 ns, UpperFence = 7.225 ns
ConfidenceInterval = [7.138 ns; 7.206 ns] (CI 99.9%), Margin = 0.034 ns (0.47% of Mean)
Skewness = 0.52, Kurtosis = 2.29, MValue = 2
-------------------- Histogram --------------------
[7.114 ns ; 7.247 ns) | @@@@@@@@@@@@@
---------------------------------------------------

ParserAllocBenchmarks.ReferenceClassify_TakeThis: DefaultJob
Runtime = .NET 10.0.12 (10.0.12, 10.0.1226.42308), X64 RyuJIT x86-64-v3; GC = Concurrent Workstation
Mean = 9.731 ns, StdErr = 0.062 ns (0.63%), N = 45, StdDev = 0.414 ns
Min = 9.191 ns, Q1 = 9.371 ns, Median = 9.661 ns, Q3 = 9.975 ns, Max = 10.912 ns
IQR = 0.604 ns, LowerFence = 8.465 ns, UpperFence = 10.882 ns
ConfidenceInterval = [9.513 ns; 9.949 ns] (CI 99.9%), Margin = 0.218 ns (2.24% of Mean)
Skewness = 0.81, Kurtosis = 3.02, MValue = 2
-------------------- Histogram --------------------
[ 9.162 ns ;  9.468 ns) | @@@@@@@@@@@@@@@@
[ 9.468 ns ;  9.851 ns) | @@@@@@@@@@@@@@@
[ 9.851 ns ; 10.223 ns) | @@@@@@@@
[10.223 ns ; 10.668 ns) | @@@@@
[10.668 ns ; 11.065 ns) | @
---------------------------------------------------

ParserAllocBenchmarks.ReferenceDispatch_Check: DefaultJob
Runtime = .NET 10.0.12 (10.0.12, 10.0.1226.42308), X64 RyuJIT x86-64-v3; GC = Concurrent Workstation
Mean = 26.868 ns, StdErr = 0.109 ns (0.41%), N = 14, StdDev = 0.409 ns
Min = 26.350 ns, Q1 = 26.590 ns, Median = 26.726 ns, Q3 = 27.089 ns, Max = 27.830 ns
IQR = 0.499 ns, LowerFence = 25.841 ns, UpperFence = 27.838 ns
ConfidenceInterval = [26.407 ns; 27.329 ns] (CI 99.9%), Margin = 0.461 ns (1.72% of Mean)
Skewness = 0.82, Kurtosis = 2.73, MValue = 2
-------------------- Histogram --------------------
[26.282 ns ; 26.903 ns) | @@@@@@@@@
[26.903 ns ; 28.053 ns) | @@@@@
---------------------------------------------------

ParserAllocBenchmarks.ReferenceDispatch_TakeThis: DefaultJob
Runtime = .NET 10.0.12 (10.0.12, 10.0.1226.42308), X64 RyuJIT x86-64-v3; GC = Concurrent Workstation
Mean = 30.923 ns, StdErr = 0.109 ns (0.35%), N = 15, StdDev = 0.423 ns
Min = 30.424 ns, Q1 = 30.616 ns, Median = 30.780 ns, Q3 = 31.257 ns, Max = 31.680 ns
IQR = 0.642 ns, LowerFence = 29.653 ns, UpperFence = 32.219 ns
ConfidenceInterval = [30.470 ns; 31.375 ns] (CI 99.9%), Margin = 0.453 ns (1.46% of Mean)
Skewness = 0.36, Kurtosis = 1.49, MValue = 2
-------------------- Histogram --------------------
[30.296 ns ; 31.001 ns) | @@@@@@@@@
[31.001 ns ; 31.905 ns) | @@@@@@
---------------------------------------------------

// * Summary *

BenchmarkDotNet v0.15.4, Windows 11 (10.0.26200.9457)
12th Gen Intel Core i9-12900KF 3.20GHz, 1 CPU, 24 logical and 16 physical cores
.NET SDK 10.0.401
  [Host]     : .NET 10.0.12 (10.0.12, 10.0.1226.42308), X64 RyuJIT x86-64-v3
  DefaultJob : .NET 10.0.12 (10.0.12, 10.0.1226.42308), X64 RyuJIT x86-64-v3


| Method                     | Mean       | Ratio | Gen0   | Allocated | Alloc Ratio |
|--------------------------- |-----------:|------:|-------:|----------:|------------:|
| CurrentStream_Check        | 118.819 ns |  1.00 | 0.0529 |     832 B |        1.00 |
| CurrentStream_TakeThis     | 114.307 ns |  0.96 | 0.0525 |     824 B |        0.99 |
| ReferenceClassify_Check    |   7.172 ns |  0.06 |      - |         - |        0.00 |
| ReferenceClassify_TakeThis |   9.731 ns |  0.08 |      - |         - |        0.00 |
| ReferenceDispatch_Check    |  26.868 ns |  0.23 | 0.0184 |     288 B |        0.35 |
| ReferenceDispatch_TakeThis |  30.923 ns |  0.26 | 0.0184 |     288 B |        0.35 |

// * Hints *
HideColumnsAnalyser
  Summary -> Hidden columns: Error, StdDev
Outliers
  ParserAllocBenchmarks.CurrentStream_Check: Default        -> 1 outlier  was  removed (137.43 ns)
  ParserAllocBenchmarks.CurrentStream_TakeThis: Default     -> 2 outliers were removed (118.99 ns, 122.63 ns)
  ParserAllocBenchmarks.ReferenceClassify_Check: Default    -> 2 outliers were removed (8.49 ns, 8.50 ns)
  ParserAllocBenchmarks.ReferenceClassify_TakeThis: Default -> 2 outliers were removed (12.34 ns, 12.37 ns)
  ParserAllocBenchmarks.ReferenceDispatch_Check: Default    -> 1 outlier  was  removed (29.27 ns)

// * Legends *
  Mean        : Arithmetic mean of all measurements
  Ratio       : Mean of the ratio distribution ([Current]/[Baseline])
  Gen0        : GC Generation 0 collects per 1000 operations
  Allocated   : Allocated memory per single operation (managed only, inclusive, 1KB = 1024B)
  Alloc Ratio : Allocated memory ratio distribution ([Current]/[Baseline])
  1 ns        : 1 Nanosecond (0.000000001 sec)

// * Diagnostic Output - MemoryDiagnoser *


// ***** BenchmarkRunner: End *****
Run time: 00:02:11 (131.3 sec), executed benchmarks: 6

Global total time: 00:02:19 (139.18 sec), executed benchmarks: 6
// * Artifacts cleanup *
Artifacts cleanup is finished
